// Jest Snapshot v1, https://goo.gl/fbAQLP

exports[`Testing SearchResults Component returns empty array when no props are passed 1`] = `ShallowWrapper {}`;
